LTspice 24.1.1 for Windows
Circuit: D:\University of Moratuwa\Campus Projects\Sem 3\Analog Project\Mid Eval Simulations\Model 1.net
Start Time: Tue Aug 11 02:26:08 2026
solver = Normal
Maximum thread count: 22
tnom = 27
temp = 27
method = trap
Direct Newton iteration failed to find .op point.  (Use ".option noopiter" to skip.)
Starting Gmin stepping
Gmin = 10
Gmin = 1.07374
Gmin = 0.115292
Gmin = 0.0123794
Gmin = 0.00132923
Gmin = 0.000142725
Gmin = 1.5325e-05
Gmin = 1.6455e-06
Gmin = 1.76685e-07
Gmin = 1.89714e-08
Gmin = 2.03704e-09
Gmin = 2.18725e-10
Gmin = 2.34854e-11
Gmin = 2.52173e-12
Gmin = 2.70769e-13
Gmin = 0
Gmin stepping succeeded in finding the operating point.

Total elapsed time: 0.449 seconds.

Files loaded:
D:\University of Moratuwa\Campus Projects\Sem 3\Analog Project\Mid Eval Simulations\Model 1.net
C:\Users\user\AppData\Local\LTspice\lib\cmp\standard.dio
C:\Users\user\AppData\Local\LTspice\lib\cmp\standard.bjt
C:\Users\user\AppData\Local\LTspice\lib\cmp\standard.mos
D:\University of Moratuwa\Campus Projects\Sem 3\Analog Project\Mid Eval Simulations\AS78L05C.lib
D:\University of Moratuwa\Campus Projects\Sem 3\Analog Project\Mid Eval Simulations\LM358.lib
D:\University of Moratuwa\Campus Projects\Sem 3\Analog Project\Mid Eval Simulations\MCP6001.lib

